C51 COMPILER V9.56.0.0   TC_READ                                                           05/08/2017 17:02:58 PAGE 1   


C51 COMPILER V9.56.0.0, COMPILATION OF MODULE TC_READ
OBJECT MODULE PLACED IN TC_Read.OBJ
COMPILER INVOKED BY: D:\Keil_v5\C51\BIN\C51.EXE TC_Read.c OPTIMIZE(8,SPEED) BROWSE INCDIR(..\FanCtl) DEBUG OBJECTEXTEND 
                    -TABS(2)

line level    source

   1          #include "TC_Read.h"
   2          #include "18b20.h"
   3          
   4          
   5          void TC_Init(void)
   6          {
   7   1        Init_Ds18b20();
   8   1      }
   9          
  10          void TC_Read(float *t)
  11          {
  12   1        *t = ReadTemperature();
  13   1      }
  14          


MODULE INFORMATION:   STATIC OVERLAYABLE
   CODE SIZE        =     21    ----
   CONSTANT SIZE    =   ----    ----
   XDATA SIZE       =   ----    ----
   PDATA SIZE       =   ----    ----
   DATA SIZE        =   ----       3
   IDATA SIZE       =   ----    ----
   BIT SIZE         =   ----    ----
END OF MODULE INFORMATION.


C51 COMPILATION COMPLETE.  0 WARNING(S),  0 ERROR(S)
