C51 COMPILER V9.56.0.0   MOTOR                                                             05/08/2017 17:02:58 PAGE 1   


C51 COMPILER V9.56.0.0, COMPILATION OF MODULE MOTOR
OBJECT MODULE PLACED IN motor.OBJ
COMPILER INVOKED BY: D:\Keil_v5\C51\BIN\C51.EXE motor.c OPTIMIZE(8,SPEED) BROWSE INCDIR(..\FanCtl) DEBUG OBJECTEXTEND TA
                    -BS(2)

line level    source

   1          #include "motor.h"
   2          #include "STC12C5A60S2.h"
   3          #include "global.h"
   4          
   5          sfr PCAPWM0     =   0xf2;
   6          sfr PCAPWM1     =   0xf3;
   7          
   8          sbit IN1 = P2^4;
   9          sbit IN2 = P2^5;
  10          
  11          
  12          void motorInit(void)
  13          {
  14   1        
  15   1          CCON = 0;                       //Initial PCA control register
  16   1                                          //PCA timer stop running
  17   1                                          //Clear CF flag
  18   1                                          //Clear all module interrupt flag
  19   1          CL = 0;                         //Reset PCA base timer
  20   1          CH = 0;
  21   1          CMOD = 0x00;                    //Set PCA timer clock source as Fosc/2
  22   1                                          //Disable PCA timer overflow interrupt
  23   1          CCAP0H = CCAP0L = 0x80;         //PWM0 port output 50% duty cycle square wave
  24   1          CCAPM0 = 0x42;                  //PCA module-0 work in 8-bit PWM mode and no PCA interrupt
  25   1      
  26   1          //CCAP1H = CCAP1L = 0xff;         //PWM1 port output 0% duty cycle square wave
  27   1          //PCAPWM1 = 0x03;
  28   1          //CCAPM1 = 0x42;                  //PCA module-1 work in 8-bit PWM mode and no PCA interrupt
  29   1      
  30   1          CR = 1;                         //PCA timer start run
  31   1      }
  32          
  33          void motorSetSpeed(u8 speed)
  34          {
  35   1        CCAP0H = CCAP0L = 255-speed;
  36   1      }
  37          
  38          void motorSetDir(BOOL dir)// 0 反转 1正转
  39          {
  40   1        IN1 = dir;
  41   1        IN2 = ~dir;
  42   1      }
  43          
  44          void motorStop(void)
  45          {
  46   1        IN1=0;
  47   1        IN2=0;
  48   1      }
  49          
  50          void motorCtl(void)
  51          {
  52   1        motorSetDir(gDir);
  53   1        if(!gStopFlag)motorStop();
  54   1        motorSetSpeed(CurrentSpeed);
C51 COMPILER V9.56.0.0   MOTOR                                                             05/08/2017 17:02:58 PAGE 2   

  55   1      }
  56          


MODULE INFORMATION:   STATIC OVERLAYABLE
   CODE SIZE        =     63    ----
   CONSTANT SIZE    =   ----    ----
   XDATA SIZE       =   ----    ----
   PDATA SIZE       =   ----    ----
   DATA SIZE        =   ----    ----
   IDATA SIZE       =   ----    ----
   BIT SIZE         =   ----       1
END OF MODULE INFORMATION.


C51 COMPILATION COMPLETE.  0 WARNING(S),  0 ERROR(S)
